2026-09-12 10:06:37 | INFO     | tireguard.tests.test_foundation | Logger smoke test message.
2026-09-12 10:10:18 | INFO     | tireguard.__main__ | TireGuard AI — Milestone 0 (Project Foundation)
2026-09-12 10:10:18 | INFO     | tireguard.__main__ | Environment: development
2026-09-12 10:10:18 | INFO     | tireguard.__main__ | Random seed: 42
2026-09-12 10:10:18 | INFO     | tireguard.__main__ | Data raw dir: C:\Users\aaish\OneDrive\Desktop\actual_projects\tireguard_ai\data\raw
2026-09-12 10:10:18 | INFO     | tireguard.__main__ | Data processed dir: C:\Users\aaish\OneDrive\Desktop\actual_projects\tireguard_ai\data\processed
2026-09-12 10:10:18 | INFO     | tireguard.__main__ | Model dir: C:\Users\aaish\OneDrive\Desktop\actual_projects\tireguard_ai\models
2026-09-12 10:10:18 | INFO     | tireguard.__main__ | Log dir: C:\Users\aaish\OneDrive\Desktop\actual_projects\tireguard_ai\logs
2026-09-12 10:10:18 | INFO     | tireguard.__main__ | Scaffold OK — ready for Milestone 1 (Tire Telemetry Simulator).
2026-09-12 10:10:34 | INFO     | tireguard.__main__ | Generating synthetic telemetry: 15 vehicles x 4 tires, 30 days @ 30 min intervals (seed=42, failure_rate=0.080)
2026-09-12 10:10:37 | INFO     | tireguard.__main__ | Generated 86400 rows across 60 unique tires
2026-09-12 10:10:37 | INFO     | tireguard.__main__ | Failure rows: 60 (0.069% of rows) | Failure types: {'structural_degradation': 58, 'overloading': 1, 'sensor_malfunction': 1}
2026-09-12 10:10:37 | INFO     | tireguard.__main__ | pressure_sensor_fault distribution: {'none': 60544, 'drift': 22153, 'stuck': 2821, 'spoofed': 457, 'missing': 425}
2026-09-12 10:10:37 | INFO     | tireguard.__main__ | temperature_sensor_fault distribution: {'none': 61180, 'drift': 21385, 'stuck': 2902, 'missing': 475, 'spoofed': 458}
2026-09-12 10:10:37 | INFO     | tireguard.__main__ | tread_sensor_fault distribution: {'none': 56060, 'drift': 26998, 'stuck': 2438, 'missing': 460, 'spoofed': 444}
2026-09-12 10:10:40 | INFO     | tireguard.__main__ | Wrote dataset to C:\Users\aaish\OneDrive\Desktop\actual_projects\tireguard_ai\data\raw\tire_telemetry_synthetic_20260912T044037Z.csv
2026-09-12 10:10:40 | INFO     | tireguard.__main__ | Wrote metadata to C:\Users\aaish\OneDrive\Desktop\actual_projects\tireguard_ai\data\raw\tire_telemetry_synthetic_20260912T044037Z.meta.json
2026-09-12 10:10:53 | INFO     | tireguard.__main__ | Reading raw telemetry from C:\Users\aaish\OneDrive\Desktop\actual_projects\tireguard_ai\data\raw\tire_telemetry_synthetic_20260912T044037Z.csv
2026-09-12 10:10:53 | INFO     | tireguard.__main__ | Validating 86400 rows...
2026-09-12 10:10:53 | INFO     | tireguard.__main__ | 
Validation: PASSED
Rows: 86400
Warnings (6):
  - pressure: 459 rows (0.53%) outside plausible range [0.0, 100.0] — expected from spoofed-sensor rows, verify against pressure_sensor_fault/temperature_sensor_fault/tread_sensor_fault.
  - temperature: 141 rows (0.16%) outside plausible range [-40.0, 250.0] — expected from spoofed-sensor rows, verify against pressure_sensor_fault/temperature_sensor_fault/tread_sensor_fault.
  - tread_depth: 3937 rows (4.58%) outside plausible range [0.0, 15.0] — expected from spoofed-sensor rows, verify against pressure_sensor_fault/temperature_sensor_fault/tread_sensor_fault.
  - pressure missing in 0.49% of rows (expected from 'missing' sensor faults).
  - temperature missing in 0.55% of rows (expected from 'missing' sensor faults).
  - tread_depth missing in 0.53% of rows (expected from 'missing' sensor faults).
2026-09-12 10:10:53 | INFO     | tireguard.__main__ | Cleaning telemetry...
2026-09-12 10:10:54 | INFO     | tireguard.__main__ | Cleaning summary: {'row_count': 86400, 'pressure_imputed_count': 425, 'temperature_imputed_count': 475, 'tread_depth_imputed_count': 460, 'pressure_out_of_range_count': 459, 'temperature_out_of_range_count': 141, 'speed_out_of_range_count': 0, 'load_out_of_range_count': 0, 'tread_depth_out_of_range_count': 3943}
2026-09-12 10:10:54 | INFO     | tireguard.__main__ | Engineering features...
2026-09-12 10:10:54 | INFO     | tireguard.__main__ | Feature columns added: 14
2026-09-12 10:10:54 | INFO     | tireguard.__main__ | Wrote processed dataset to C:\Users\aaish\OneDrive\Desktop\actual_projects\tireguard_ai\data\processed\tire_telemetry_processed_20260912T044037Z.parquet (86400 rows, 45 columns)
2026-09-12 10:11:05 | INFO     | tireguard.__main__ | Loading processed dataset from C:\Users\aaish\OneDrive\Desktop\actual_projects\tireguard_ai\data\processed\tire_telemetry_processed_20260912T044037Z.parquet
2026-09-12 10:11:06 | INFO     | tireguard.__main__ | Computing statistics...
2026-09-12 10:11:06 | INFO     | tireguard.__main__ | Generating charts...
2026-09-12 10:11:08 | INFO     | tireguard.__main__ | Building findings report...
2026-09-12 10:13:34 | INFO     | tireguard.__main__ | Loading processed dataset from C:\Users\aaish\OneDrive\Desktop\actual_projects\tireguard_ai\data\processed\tire_telemetry_processed_20260912T044037Z.parquet
2026-09-12 10:13:34 | INFO     | tireguard.__main__ | Computing statistics...
2026-09-12 10:13:34 | INFO     | tireguard.__main__ | Generating charts...
2026-09-12 10:13:36 | INFO     | tireguard.__main__ | Building findings report...
2026-09-12 10:15:57 | INFO     | tireguard.__main__ | Loading processed dataset from C:\Users\aaish\OneDrive\Desktop\actual_projects\tireguard_ai\data\processed\tire_telemetry_processed_20260912T044037Z.parquet
2026-09-12 10:15:58 | INFO     | tireguard.__main__ | Computing statistics...
2026-09-12 10:15:58 | INFO     | tireguard.__main__ | Generating charts...
2026-09-12 10:15:59 | INFO     | tireguard.__main__ | Building findings report...
2026-09-12 10:15:59 | INFO     | tireguard.__main__ | Wrote EDA findings to C:\Users\aaish\OneDrive\Desktop\actual_projects\tireguard_ai\docs\eda_findings.md
